// Jest Snapshot v1, https://goo.gl/fbAQLP

exports[`build/kodetre.json har antall rader 1`] = `166019`;

exports[`build/kodetre.json har forventede nøkler 1`] = `undefined`;

exports[`build/kodetre_postgre.json har antall rader 1`] = `166020`;

exports[`build/kodetre_postgre.json har forventede nøkler 1`] = `undefined`;

exports[`build/metabase.json har antall rader 1`] = `9579`;

exports[`build/metabase.json har forventede nøkler 1`] = `undefined`;

exports[`data/ao_naturvernområde.json har antall rader 1`] = `458`;

exports[`data/ao_naturvernområde.json har forventede nøkler 1`] = `undefined`;

exports[`data/ar_diagnostisk_art.json har antall rader 1`] = `1172`;

exports[`data/ar_diagnostisk_art.json har forventede nøkler 1`] = `undefined`;

exports[`data/ar_taxon.json har antall rader 1`] = `157876`;

exports[`data/ar_taxon.json har forventede nøkler 1`] = `undefined`;

exports[`data/ar_taxon_to_json.json har antall rader 1`] = `157876`;

exports[`data/ar_taxon_to_json.json har forventede nøkler 1`] = `undefined`;

exports[`data/full.json har antall rader 1`] = `166018`;

exports[`data/full.json har forventede nøkler 1`] = `undefined`;

exports[`data/full_med_graf.json har antall rader 1`] = `166018`;

exports[`data/full_med_graf.json har forventede nøkler 1`] = `undefined`;

exports[`data/inn_ao_fylke.json har antall rader 1`] = `18`;

exports[`data/inn_ao_fylke.json har forventede nøkler 1`] = `undefined`;

exports[`data/inn_ao_kommune.json har antall rader 1`] = `422`;

exports[`data/inn_ao_kommune.json har forventede nøkler 1`] = `undefined`;

exports[`data/inn_ao_kommune_geom.json har antall rader 1`] = `2`;

exports[`data/inn_ao_kommune_geom.json har forventede nøkler 1`] = `undefined`;

exports[`data/inn_bbox.json har antall rader 1`] = `4858`;

exports[`data/inn_bbox.json har forventede nøkler 1`] = `undefined`;

exports[`data/metabase_med_bbox.json har antall rader 1`] = `166018`;

exports[`data/metabase_med_bbox.json har forventede nøkler 1`] = `undefined`;

exports[`data/mi_variasjon.json har antall rader 1`] = `2909`;

exports[`data/mi_variasjon.json har forventede nøkler 1`] = `undefined`;

exports[`data/na_definisjonsgrunnlag.json har antall rader 1`] = `20`;

exports[`data/na_definisjonsgrunnlag.json har forventede nøkler 1`] = `undefined`;

exports[`data/na_hovedtype.json har antall rader 1`] = `92`;

exports[`data/na_hovedtype.json har forventede nøkler 1`] = `undefined`;

exports[`data/na_kode.json har antall rader 1`] = `1796`;

exports[`data/na_kode.json har forventede nøkler 1`] = `undefined`;

exports[`data/na_mi_liste.json har antall rader 1`] = `4165`;

exports[`data/na_mi_liste.json har forventede nøkler 1`] = `undefined`;

exports[`data/na_overstyr_hierarki.json har antall rader 1`] = `851`;

exports[`data/na_overstyr_hierarki.json har forventede nøkler 1`] = `undefined`;

exports[`data/na_prosedyrekategori.json har antall rader 1`] = `17`;

exports[`data/na_prosedyrekategori.json har forventede nøkler 1`] = `undefined`;

exports[`data/pr_prosjekt.json har antall rader 1`] = `0`;

exports[`data/pr_prosjekt.json har forventede nøkler 1`] = `undefined`;

exports[`data/vv_med_kommune.json har antall rader 1`] = `2865`;

exports[`data/vv_med_kommune.json har forventede nøkler 1`] = `undefined`;

exports[`data/vv_naturvernområde.json har antall rader 1`] = `2865`;

exports[`data/vv_naturvernområde.json har forventede nøkler 1`] = `undefined`;

exports[`data/vv_verneområde_geojson.json har antall rader 1`] = `2865`;

exports[`data/vv_verneområde_geojson.json har forventede nøkler 1`] = `undefined`;
